// Jest Snapshot v1, https://goo.gl/fbAQLP

exports[`Cards Details Component renders Race Snapshot 1`] = `
<div>
  <div
    class="card-details"
  >
    <h3
      class="race-title"
    >
      Continuous
    </h3>
    <p>
      20
       
      cards
    </p>
    <svg
      class="w-6 h-6"
      fill="none"
      stroke="currentColor"
      stroke-width="1.5"
      viewBox="0 0 24 24"
      xmlns="http://www.w3.org/2000/svg"
    >
      <path
        d="M12.75 15l3-3m0 0l-3-3m3 3h-7.5M21 12a9 9 0 11-18 0 9 9 0 0118 0z"
        stroke-linecap="round"
        stroke-linejoin="round"
      />
    </svg>
  </div>
</div>
`;
