// Jest Snapshot v1, https://goo.gl/fbAQLP

exports[`Cards Type Component renders Type Snapshot 1`] = `
<div>
  <a
    class=""
    href="/type-888"
  >
    <div
      class="cards-type"
    >
      <img
        alt="Type"
        class="type-img"
        data-testid="img-2"
        src="2.png"
      />
      <svg
        class="w-6 h-6"
        fill="none"
        stroke="currentColor"
        stroke-width="1.5"
        viewBox="0 0 24 24"
        xmlns="http://www.w3.org/2000/svg"
      >
        <path
          d="M12.75 15l3-3m0 0l-3-3m3 3h-7.5M21 12a9 9 0 11-18 0 9 9 0 0118 0z"
          stroke-linecap="round"
          stroke-linejoin="round"
        />
      </svg>
      <div
        class="streched-gap"
      />
      <h3
        class="type-title"
      >
        Spell Card
      </h3>
      <p
        class="type-count"
      >
        50
         
        cards
      </p>
    </div>
  </a>
</div>
`;
