// Jest Snapshot v1, https://goo.gl/fbAQLP

exports[`Home App renders Snapshot 1`] = `
<div>
  <div
    class="container"
  >
    <nav>
      <a
        aria-current="page"
        class="active"
        href="/"
      >
        <svg
          class="w-6 h-6"
          fill="none"
          stroke="currentColor"
          stroke-width="1.5"
          viewBox="0 0 24 24"
          xmlns="http://www.w3.org/2000/svg"
        >
          <path
            d="M16.023 9.348h4.992v-.001M2.985 19.644v-4.992m0 0h4.992m-4.993 0l3.181 3.183a8.25 8.25 0 0013.803-3.7M4.031 9.865a8.25 8.25 0 0113.803-3.7l3.181 3.182m0-4.991v4.99"
            stroke-linecap="round"
            stroke-linejoin="round"
          />
        </svg>
      </a>
      <span>
        All Cards
      </span>
    </nav>
    <header>
      <img
        alt="Logo"
        class="header-img"
        data-testid="img-1"
        src="5.png"
      />
      <div
        class="streched-gap"
      />
      <div
        class="header-content"
      >
        <h1>
          YU-GI-OH!
        </h1>
        <p>
          0
           
          cards
        </p>
      </div>
    </header>
    <main>
      <h2
        class="list-title"
      >
        STATS BY TYPE
      </h2>
      <section
        class="home-list"
      >
        <p>
          Loading...
        </p>
      </section>
    </main>
  </div>
</div>
`;
